<html>
<body>
<pre>
<h1>µVision Build Log</h1>
<h2>Tool Versions:</h2>
IDE-Version: ¦ÌVision V5.18.0.0
Copyright (C) 2016 ARM Ltd and ARM Germany GmbH. All rights reserved.
License Information: WANG ZHENGYANG, CUG, LIC=FQQMA-1F0VY-SG27K-ZI09V-YVSY9-AM1G1
 
Tool Versions:
Toolchain:       MDK-ARM Professional  Version: 5.18
Toolchain Path:  C:\MDK\ARM\ARMCC\Bin
C Compiler:      Armcc.exe V5.06 update 1 (build 61)
Assembler:       Armasm.exe V5.06 update 1 (build 61)
Linker/Locator:  ArmLink.exe V5.06 update 1 (build 61)
Library Manager: ArmAr.exe V5.06 update 1 (build 61)
Hex Converter:   FromElf.exe V5.06 update 1 (build 61)
CPU DLL:         SARMCM3.DLL V5.18
Dialog DLL:      DCM.DLL V1.13.6.0
Target DLL:      STLink\ST-LINKIII-KEIL_SWO.dll V2.0.18.0
Dialog DLL:      TCM.DLL V1.14.8.0
 
<h2>Project:</h2>
D:\WuLiShiYan\MDK-ARM\WuLiShiYan.uvprojx
Project File Date:  04/09/2023

<h2>Output:</h2>
*** Using Compiler 'V5.06 update 1 (build 61)', folder: 'C:\MDK\ARM\ARMCC\Bin'
Rebuild target 'WuLiShiYan'
assembling startup_stm32f103xe.s...
compiling fsmc.c...
compiling stm32f1xx_hal_msp.c...
compiling stm32f1xx_hal_adc_ex.c...
compiling usart.c...
compiling stm32f1xx_hal_gpio_ex.c...
compiling adc.c...
compiling tim.c...
compiling stm32f1xx_hal.c...
compiling gpio.c...
../Inc/lcd.h(146): warning:  #1295-D: Deprecated declaration DrawParameter - give arg types
  void DrawParameter();
../Src/gpio.c: 1 warning, 0 errors
compiling stm32f1xx_hal_adc.c...
compiling stm32f1xx_hal_gpio.c...
compiling main.c...
../Inc/lcd.h(146): warning:  #1295-D: Deprecated declaration DrawParameter - give arg types
  void DrawParameter();
../Src/main.c: 1 warning, 0 errors
compiling stm32f1xx_it.c...
compiling stm32f1xx_hal_rcc_ex.c...
compiling stm32f1xx_hal_rcc.c...
compiling stm32f1xx_hal_sram.c...
compiling stm32f1xx_hal_cortex.c...
compiling system_stm32f1xx.c...
compiling stm32f1xx_hal_dma.c...
compiling stm32f1xx_hal_flash.c...
compiling stm32f1xx_hal_flash_ex.c...
compiling stm32f1xx_hal_exti.c...
compiling stm32f1xx_hal_uart.c...
compiling stm32f1xx_ll_fsmc.c...
compiling stm32f1xx_hal_pwr.c...
compiling stm32f1xx_hal_tim_ex.c...
compiling lcd.c...
../Inc/lcd.h(146): warning:  #1295-D: Deprecated declaration DrawParameter - give arg types
  void DrawParameter();
..\Src\lcd.c(20): warning:  #188-D: enumerated type mixed with another type
  	HAL_GPIO_WritePin(
CD_BL_GPIO_Port, 
CD_BL_Pin,1);   //ä½?LCD_BLå¼?è„?ä¸?é«?ç”?å¹?ï¼?ä¸?æž?ç®?å¯?é€?ã€?
..\Src\lcd.c: 2 warnings, 0 errors
compiling stm32f1xx_hal_tim.c...
linking...
Program Size: Code=17624 RO-data=9016 RW-data=36 ZI-data=2972  
FromELF: creating hex file...
"WuLiShiYan\WuLiShiYan.axf" - 0 Error(s), 4 Warning(s).

<h2>Software Packages used:</h2>

Package Vendor: ARM
                http://www.keil.com/pack/ARM.CMSIS.4.5.0.pack
                ARM::CMSIS:CORE:4.3.0
                CMSIS (Cortex Microcontroller Software Interface Standard)
   * Component: CORE Version: 4.3.0

<h2>Collection of Component include folders:</h2>
  D:\WuLiShiYan\MDK-ARM\RTE
  C:\MDK\ARM\PACK\ARM\CMSIS\4.5.0\CMSIS\Include
  C:\MDK\ARM\PACK\Keil\STM32F1xx_DFP\2.3.0\Device\Include

<h2>Collection of Component Files used:</h2>

   * Component: ARM::CMSIS:CORE:4.3.0
Build Time Elapsed:  00:00:08
</pre>
</body>
</html>
